// Jest Snapshot v1, https://goo.gl/fbAQLP

exports[`getMethods should return all available methods and its information 1`] = `
Array [
  Object {
    "description": "The HyPNS DID method",
    "method": "hypns",
  },
]
`;
